
Discarded input sections

 .note.GNU-stack
                0x00000000        0x0 C:/usr/xtensa/XtDevTools/install/builds/RI-2021.8-win32/AB1568_i64B_d32B_512K/xtensa-elf/lib/xcc/crtbegin.o
 .note.GNU-stack
                0x00000000        0x0 Build/source/piclib_codec.picsl.o
 .note.GNU-stack
                0x00000000        0x0 Build/source/lc3_memory.picsl.o
 .note.GNU-stack
                0x00000000        0x0 Build/source/FRAM_IRAM_tab_link.picsl.o
 .note.GNU-stack
                0x00000000        0x0 Build/source/lc3i_codec_api.picsl.o
 .note.GNU-stack
                0x00000000        0x0 Build/source/lc3.picsl.o
 .note.GNU-stack
                0x00000000        0x0 Build/source/basop_util.picsl.o
 .note.GNU-stack
                0x00000000        0x0 Build/source/rom_basop_util.picsl.o
 .note.GNU-stack
                0x00000000        0x0 Build/source/basop32.picsl.o
 .note.GNU-stack
                0x00000000        0x0 Build/source/enh1632.picsl.o
 .note.GNU-stack
                0x00000000        0x0 Build/source/enhUL32.picsl.o
 .note.GNU-stack
                0x00000000        0x0 Build/source/dct2_fx.picsl.o
 .note.GNU-stack
                0x00000000        0x0 Build/source/dct4_fx.picsl.o
 .note.GNU-stack
                0x00000000        0x0 Build/source/mdct_shaping_fx.picsl.o
 .note.GNU-stack
                0x00000000        0x0 Build/source/sns_interpolate_scf_fx.picsl.o
 .note.GNU-stack
                0x00000000        0x0 Build/source/ari_codec.picsl.o
 .note.GNU-stack
                0x00000000        0x0 Build/source/sns_quantize_scf_fx.picsl.o
 .note.GNU-stack
                0x00000000        0x0 Build/source/pvq_index_fx.picsl.o
 .note.GNU-stack
                0x00000000        0x0 Build/source/pvq_dec_fx.picsl.o
 .note.GNU-stack
                0x00000000        0x0 Build/source/fft.picsl.o
 .note.GNU-stack
                0x00000000        0x0 Build/source/apply_global_gain_fx.picsl.o
 .note.GNU-stack
                0x00000000        0x0 Build/source/basop_mpy.picsl.o
 .note.GNU-stack
                0x00000000        0x0 Build/source/imdct_fx.picsl.o
 .note.GNU-stack
                0x00000000        0x0 Build/source/dec_entropy.picsl.o
 .note.GNU-stack
                0x00000000        0x0 Build/source/dec_lc3.picsl.o
 .note.GNU-stack
                0x00000000        0x0 Build/source/ltpf_decoder_fx.picsl.o
 .note.GNU-stack
                0x00000000        0x0 Build/source/noise_filling_fx.picsl.o
 .note.GNU-stack
                0x00000000        0x0 Build/source/residual_decoding_fx.picsl.o
 .note.GNU-stack
                0x00000000        0x0 Build/source/tns_decoder_fx.picsl.o
 .note.GNU-stack
                0x00000000        0x0 Build/source/plc_update_fx.picsl.o
 .note.GNU-stack
                0x00000000        0x0 Build/source/plc_update_aft_imdct_fx.picsl.o
 .note.GNU-stack
                0x00000000        0x0 Build/source/adjust_global_gain_fx.picsl.o
 .note.GNU-stack
                0x00000000        0x0 Build/source/attack_detector_fx.picsl.o
 .note.GNU-stack
                0x00000000        0x0 Build/source/detect_cutoff_warped_fx.picsl.o
 .note.GNU-stack
                0x00000000        0x0 Build/source/estimate_global_gain_fx.picsl.o
 .note.GNU-stack
                0x00000000        0x0 Build/source/levinson_fx.picsl.o
 .note.GNU-stack
                0x00000000        0x0 Build/source/ltpf_coder_fx.picsl.o
 .note.GNU-stack
                0x00000000        0x0 Build/source/mdct_fx.picsl.o
 .note.GNU-stack
                0x00000000        0x0 Build/source/near_nyquist_detector_fx.picsl.o
 .note.GNU-stack
                0x00000000        0x0 Build/source/noise_factor_fx.picsl.o
 .note.GNU-stack
                0x00000000        0x0 Build/source/olpa_fx.picsl.o
 .note.GNU-stack
                0x00000000        0x0 Build/source/per_band_energy_fx.picsl.o
 .note.GNU-stack
                0x00000000        0x0 Build/source/quantize_spec_fx.picsl.o
 .note.GNU-stack
                0x00000000        0x0 Build/source/resamp12k8_fx.picsl.o
 .note.GNU-stack
                0x00000000        0x0 Build/source/residual_coding_fx.picsl.o
 .note.GNU-stack
                0x00000000        0x0 Build/source/scale_signal24_fx.picsl.o
 .note.GNU-stack
                0x00000000        0x0 Build/source/sns_compute_scf_fx.picsl.o
 .note.GNU-stack
                0x00000000        0x0 Build/source/tns_coder_fx.picsl.o
 .note.GNU-stack
                0x00000000        0x0 Build/source/enc_lc3.picsl.o
 .note.GNU-stack
                0x00000000        0x0 Build/source/enc_entropy.picsl.o
 .note.GNU-stack
                0x00000000        0x0 Build/source/pvq_enc_fx.picsl.o
 .note.GNU-stack
                0x00000000        0x0 Build/source/plc_apply_fx.picsl.o
 .note.GNU-stack
                0x00000000        0x0 Build/source/plc_classify_fx.picsl.o
 .note.GNU-stack
                0x00000000        0x0 Build/source/plc_main_fx.picsl.o
 .note.GNU-stack
[...]
Memory Configuration

Name             Origin          Length          Used            Unused          Attributes
*default*        0x00000000      0xffffffff      
