
Discarded input sections

 .note.GNU-stack
                0x00000000        0x0 C:/usr/xtensa/XtDevTools/install/builds/RI-2021.8-win32/AB1568_i64B_d32B_512K/xtensa-elf/lib/xcc/crtbegin.o
 .note.GNU-stack
                0x00000000        0x0 Build/source/piclib_fft10ms.picsl.o
 .note.GNU-stack
                0x00000000        0x0 Build/source/IRAM_fft_stage.picsl.o
 .note.GNU-stack
                0x00000000        0x0 C:/usr/xtensa/XtDevTools/install/builds/RI-2021.8-win32/AB1568_i64B_d32B_512K/xtensa-elf/lib/xcc/crtend.o

Linker script and memory map

LOAD C:/usr/xtensa/XtDevTools/install/builds/RI-2021.8-win32/AB1568_i64B_d32B_512K/xtensa-elf/lib/xcc/crti.o
LOAD C:/usr/xtensa/XtDevTools/install/builds/RI-2021.8-win32/AB1568_i64B_d32B_512K/xtensa-elf/lib/xcc/crtbegin.o
LOAD Build/source/piclib_fft10ms.picsl.o
LOAD Build/source/IRAM_fft_stage.picsl.o
LOAD C:/usr/xtensa/XtDevTools/install/builds/RI-2021.8-win32/AB1568_i64B_d32B_512K/xtensa-elf/lib/xcc/\libgcc.a
LOAD C:/usr/xtensa/XtDevTools/install/builds/RI-2021.8-win32/AB1568_i64B_d32B_512K/xtensa-elf/lib/xcc/\libgcc.a
LOAD C:/usr/xtensa/XtDevTools/install/builds/RI-2021.8-win32/AB1568_i64B_d32B_512K/xtensa-elf/lib/xcc/crtend.o
LOAD C:/usr/xtensa/XtDevTools/install/builds/RI-2021.8-win32/AB1568_i64B_d32B_512K/xtensa-elf/lib/xcc/crtn.o

.text           0x00000000     0x2091
                0x00000000                _text_start = ABSOLUTE (.)
 *(.got.plt* .plt*)
 .got.plt       0x00000000        0x0 C:/usr/xtensa/XtDevTools/install/builds/RI-2021.8-win32/AB1568_i64B_d32B_512K/xtensa-elf/lib/xcc/crti.o
                0x00000000                _GLOBAL_OFFSET_TABLE_
 .init.literal  0x00000000        0x4 C:/usr/xtensa/XtDevTools/install/builds/RI-2021.8-win32/AB1568_i64B_d32B_512K/xtensa-elf/lib/xcc/crtbegin.o
 .init.literal  0x00000004        0x4 C:/usr/xtensa/XtDevTools/install/builds/RI-2021.8-win32/AB1568_i64B_d32B_512K/xtensa-elf/lib/xcc/crtend.o
 .literal       0x00000008       0x14 C:/usr/xtensa/XtDevTools/install/builds/RI-2021.8-win32/AB1568_i64B_d32B_512K/xtensa-elf/lib/xcc/crtbegin.o
                                         0x20 (size before relaxing)
 .literal       0x0000001c       0x40 Build/source/piclib_fft10ms.picsl.o
 .literal       0x0000005c       0x40 Build/source/IRAM_fft_stage.picsl.o
                                         0x68 (size before relaxing)
 .literal       0x0000009c        0x4 C:/usr/xtensa/XtDevTools/install/builds/RI-2021.8-win32/AB1568_i64B_d32B_512K/xtensa-elf/lib/xcc/crtend.o
 .fini.literal  0x000000a0        0x4 C:/usr/xtensa/XtDevTools/install/builds/RI-2021.8-win32/AB1568_i64B_d32B_512K/xtensa-elf/lib/xcc/crtbegin.o
 .plt           0x000000a4        0x0 C:/usr/xtensa/XtDevTools/install/builds/RI-2021.8-win32/AB1568_i64B_d32B_512K/xtensa-elf/lib/xcc/crti.o
 *(.init.literal)
 *(.init)
 .init          0x000000a4        0x3 C:/usr/xtensa/XtDevTools/install/builds/RI-2021.8-win32/AB1568_i64B_d32B_512K/xtensa-elf/lib/xcc/crti.o
                0x000000a4                _init
 .init          0x000000a7        0x8 C:/usr/xtensa/XtDevTools/install/builds/RI-2021.8-win32/AB1568_i64B_d32B_512K/xtensa-elf/lib/xcc/crtbegin.o
 .init          0x000000af        0x8 C:/usr/xtensa/XtDevTools/install/builds/RI-2021.8-win32/AB1568_i64B_d32B_512K/xtensa-elf/lib/xcc/crtend.o
 .init          0x000000b7        0x2 C:/usr/xtensa/XtDevTools/install/builds/RI-2021.8-win32/AB1568_i64B_d32B_512K/xtensa-elf/lib/xcc/crtn.o
 *(.literal .text .stub .literal.* .text.* .gnu.linkonce.literal.* .gnu.linkonce.t.*.literal .gnu.linkonce.t.*)
 *fill*         0x000000b9        0x3 00000000
 .text          0x000000bc       0x4a C:/usr/xtensa/XtDevTools/install/builds/RI-2021.8-win32/AB1568_i64B_d32B_512K/xtensa-elf/lib/xcc/crtbegin.o
 *fill*         0x00000106        0x2 00000000
 .text          0x00000108       0x5a Build/source/piclib_fft10ms.picsl.o
                0x00000108                _start
 *fill*         0x00000162        0x6 00000000
 .text          0x00000168     0x1efb Build/source/IRAM_fft_stage.picsl.o
                0x00000168                fix_fft_Init
                0x0000017c                fix_fft2_stage
                0x000001b4                fix_fft5_stage
                0x00000370                fix_fft6
                0x00000570                fix_fft12
                0x000008a8                fix_fft15_stage
                0x00000a40                fix_fft5_8K
                0x00000cd8                fix_fft10
                0x00000e6c                fix_fft15
                0x00000f5c                fix_fft20
                0x00001234                fix_fft30
                0x000013c8                fix_fft40
                0x0000197c                FFT4N
                0x00001b0c                FFT8N
                0x00001eb8                FFT12N
 *fill*         0x00002063        0x1 00000000
 .text          0x00002064       0x1e C:/usr/xtensa/XtDevTools/install/builds/RI-2021.8-win32/AB1568_i64B_d32B_512K/xtensa-elf/lib/xcc/crtend.o
 .text          0x00002082        0x0 C:/usr/xtensa/XtDevTools/install/builds/RI-2021.8-win32/AB1568_i64B_d32B_512K/xtensa-elf/lib/xcc/crti.o
 *fill*         0x00002082        0x0 00000000
 *fill*         0x00002082        0x0 00000000
 *fill*         0x00002082        0x0 00000000
 *fill*         0x00002082        0x0 00000000
 .text          0x00002082        0x0 C:/usr/xtensa/XtDevTools/install/builds/RI-2021.8-win32/AB1568_i64B_d32B_512K/xtensa-elf/lib/xcc/crtn.o
 *(.clib.literal .clib.text)
 *(.text.*personality*)
 *(.gnu.warning)
 *(.fini.literal)
 *fill*         0x00002082        0x0 00000000
 *(.fini)
 *fill*         0x00002082        0x2 00000000
 .fini          0x00002084        0x3 C:/usr/xtensa/XtDevTools/install/builds/RI-2021.8-win32/AB1568_i64B_d32B_512K/xtensa-elf/lib/xcc/crti.o
                0x00002084                _fini
 .fini          0x00002087        0x8 C:/usr/xtensa/XtDevTools/install/builds/RI-2021.8-win32/AB1568_i64B_d32B_512K/xtensa-elf/lib/xcc/crtbegin.o
 .fini          0x0000208f        0x2 C:/usr/xtensa/XtDevTools/install/builds/RI-2021.8-win32/AB1568_i64B_d32B_512K/xtensa-elf/lib/xcc/crtn.o
                [!provide]                        PROVIDE (__etext = .)
                [!provide]                        PROVIDE (_etext = .)
                [!provide]                        PROVIDE (etext = .)

.dynamic        0x00002094       0xa8
                0x00002094        0x4 LONG 0x70000002
                0x00002098        0x4 LONG 0x0 _text_start
 *(.dynamic)
 .dynamic       0x0000209c       0xa0 C:/usr/xtensa/XtDevTools/install/builds/RI-2021.8-win32/AB1568_i64B_d32B_512K/xtensa-elf/lib/xcc/crti.o
                0x0000209c                _DYNAMIC

.hash           0x0000213c       0x10
 *(.hash)
 .hash          0x0000213c       0x10 C:/usr/xtensa/XtDevTools/install/builds/RI-2021.8-win32/AB1568_i64B_d32B_512K/xtensa-elf/lib/xcc/crti.o

.dynsym         0x0000214c       0x10
 *(.dynsym)
 .dynsym        0x0000214c       0x10 C:/usr/xtensa/XtDevTools/install/builds/RI-2021.8-win32/AB1568_i64B_d32B_512K/xtensa-elf/lib/xcc/crti.o

.dynstr         0x0000215c        0x1
 *(.dynstr)
 .dynstr        0x0000215c        0x1 C:/usr/xtensa/XtDevTools/install/builds/RI-2021.8-win32/AB1568_i64B_d32B_512K/xtensa-elf/lib/xcc/crti.o

.gnu.version    0x0000215e        0x0
 *(.gnu.version)
 .gnu.version   0x0000215e        0x0 C:/usr/xtensa/XtDevTools/install/builds/RI-2021.8-win32/AB1568_i64B_d32B_512K/xtensa-elf/lib/xcc/crti.o

.gnu.version_d  0x00002160        0x0
 *(.gnu.version_d)
 .gnu.version_d
                0x00002160        0x0 C:/usr/xtensa/XtDevTools/install/builds/RI-2021.8-win32/AB1568_i64B_d32B_512K/xtensa-elf/lib/xcc/crti.o

.gnu.version_r  0x00002160        0x0
 *(.gnu.version_r)
 .gnu.version_r
                0x00002160        0x0 C:/usr/xtensa/XtDevTools/install/builds/RI-2021.8-win32/AB1568_i64B_d32B_512K/xtensa-elf/lib/xcc/crti.o

.rel.init
 *(.rel.init)

.rela.init
 *(.rela.init)

.rel.text
 *(.rel.text .rel.text.* .rel.gnu.linkonce.t.*)

.rela.text
 *(.rela.text .rela.text.* .rela.gnu.linkonce.t.*)

.rel.fini
 *(.rel.fini)

.rela.fini
 *(.rela.fini)

.rel.rodata
 *(.rel.rodata .rel.rodata.* .rel.gnu.linkonce.r.*)

.rela.rodata
 *(.rela.rodata .rela.rodata.* .rela.gnu.linkonce.r.*)

.rel.data.rel.ro
 *(.rel.data.rel.ro*)

.rela.data.rel.ro
 *(.rel.data.rel.ro*)

.rel.data
 *(.rel.data .rel.data.* .rel.gnu.linkonce.d.*)

.rela.data
 *(.rela.data .rela.data.* .rela.gnu.linkonce.d.*)

.rel.tdata
 *(.rel.tdata .rel.tdata.* .rel.gnu.linkonce.td.*)

.rela.tdata
 *(.rela.tdata .rela.tdata.* .rela.gnu.linkonce.td.*)

.rel.tbss
 *(.rel.tbss .rel.tbss.* .rel.gnu.linkonce.tb.*)

.rela.tbss
 *(.rela.tbss .rela.tbss.* .rela.gnu.linkonce.tb.*)

.rel.ctors
 *(.rel.ctors)

.rela.ctors
 *(.rela.ctors)

.rel.dtors
 *(.rel.dtors)

.rela.dtors
 *(.rela.dtors)

.rel.got
 *(.rel.got)

.rela.got       0x00002160      0x1d4
 *(.rela.got)
 .rela.got      0x00002160      0x1d4 C:/usr/xtensa/XtDevTools/install/builds/RI-2021.8-win32/AB1568_i64B_d32B_512K/xtensa-elf/lib/xcc/crti.o

.rel.bss
 *(.rel.bss .rel.bss.* .rel.gnu.linkonce.b.*)

.rela.bss
 *(.rela.bss .rela.bss.* .rela.gnu.linkonce.b.*)

.rel.plt
 *(.rel.plt)

.rela.plt       0x00002334        0x0
 *(.rela.plt)
 .rela.plt      0x00002334        0x0 C:/usr/xtensa/XtDevTools/install/builds/RI-2021.8-win32/AB1568_i64B_d32B_512K/xtensa-elf/lib/xcc/crti.o

.got            0x00002334        0x4
 *(.got)
 .got           0x00002334        0x4 C:/usr/xtensa/XtDevTools/install/builds/RI-2021.8-win32/AB1568_i64B_d32B_512K/xtensa-elf/lib/xcc/crti.o

.got.loc        0x00002338       0x38
 *(.got.loc)
 .got.loc       0x00002338       0x38 C:/usr/xtensa/XtDevTools/install/builds/RI-2021.8-win32/AB1568_i64B_d32B_512K/xtensa-elf/lib/xcc/crti.o

.clib.rodata
 *(.clib.rodata)

.rtos.rodata
 *(.rtos.rodata)

.clib.data
 *(.clib.data)

.rtos.data
 *(.rtos.data)

.clib.percpu.data
 *(.clib.percpu.data)

.rtos.percpu.data
 *(.rtos.percpu.data)

.rodata
 *(.rodata .rodata.* .gnu.linkonce.r.*)

.interp         0x00002370        0xb
 .interp        0x00002370        0xb C:/usr/xtensa/XtDevTools/install/builds/RI-2021.8-win32/AB1568_i64B_d32B_512K/xtensa-elf/lib/xcc/crti.o

.rodata1
 *(.rodata1)

.xt_except_table
 *(.xt_except_table)

.eh_frame       0x0000237c        0x4
 *(.eh_frame)
 .eh_frame      0x0000237c        0x0 C:/usr/xtensa/XtDevTools/install/builds/RI-2021.8-win32/AB1568_i64B_d32B_512K/xtensa-elf/lib/xcc/crtbegin.o
 .eh_frame      0x0000237c        0x4 C:/usr/xtensa/XtDevTools/install/builds/RI-2021.8-win32/AB1568_i64B_d32B_512K/xtensa-elf/lib/xcc/crtend.o

.gcc_except_table
 *(.gcc_except_table)
 *(.gcc_except_table.*)

.eh_frame
 *(.eh_frame)

.gcc_except_table
 *(.gcc_except_table)
 *(.gcc_except_table.*)

.tdata
 *(.tdata .tdata.* .gnu.linkonce.td.*)

.tbss
 *(.tbss .tbss.* .gnu.linkonce.tb.*)
 *(.tcommon)
                0x00002380                . = ALIGN (0x4)
                [!provide]                        PROVIDE (__preinit_array_start = .)

.preinit_array
 *(.preinit_array)
                [!provide]                        PROVIDE (__preinit_array_end = .)
                [!provide]                        PROVIDE (__init_array_start = .)

.init_array
 *(.init_array)
                [!provide]                        PROVIDE (__init_array_end = .)
                [!provide]                        PROVIDE (__fini_array_start = .)

.fini_array
 *(.fini_array)
                [!provide]                        PROVIDE (__fini_array_end = .)

.ctors          0x00002380        0x8
 *crtbegin*.o(.ctors)
 .ctors         0x00002380        0x4 C:/usr/xtensa/XtDevTools/install/builds/RI-2021.8-win32/AB1568_i64B_d32B_512K/xtensa-elf/lib/xcc/crtbegin.o
 *(EXCLUDE_FILE(*crtend*.o) .ctors)
 *(SORT_BY_NAME(.ctors.*))
 *(.ctors)
 .ctors         0x00002384        0x4 C:/usr/xtensa/XtDevTools/install/builds/RI-2021.8-win32/AB1568_i64B_d32B_512K/xtensa-elf/lib/xcc/crtend.o

.dtors          0x00002388        0x8
 *crtbegin*.o(.dtors)
 .dtors         0x00002388        0x4 C:/usr/xtensa/XtDevTools/install/builds/RI-2021.8-win32/AB1568_i64B_d32B_512K/xtensa-elf/lib/xcc/crtbegin.o
 *(EXCLUDE_FILE(*crtend*.o) .dtors)
 *(SORT_BY_NAME(.dtors.*))
 *(.dtors)
 .dtors         0x0000238c        0x4 C:/usr/xtensa/XtDevTools/install/builds/RI-2021.8-win32/AB1568_i64B_d32B_512K/xtensa-elf/lib/xcc/crtend.o

.jcr
 *(.jcr)

.data.rel.ro
 *(.data.rel.ro.local)
 *(.data.rel.ro*)

.data           0x00002390       0xbd
 *(.data .data.* .gnu.linkonce.d.*)
 .data          0x00002390        0x0 C:/usr/xtensa/XtDevTools/install/builds/RI-2021.8-win32/AB1568_i64B_d32B_512K/xtensa-elf/lib/xcc/crti.o
 .data          0x00002390       0x24 C:/usr/xtensa/XtDevTools/install/builds/RI-2021.8-win32/AB1568_i64B_d32B_512K/xtensa-elf/lib/xcc/crtbegin.o
                0x00002390                __dso_handle
 *fill*         0x000023b4        0xc 
 .data          0x000023c0       0x8d Build/source/piclib_fft10ms.picsl.o
                0x000023c0                export_parameter_array
 .data          0x0000244d        0x0 Build/source/IRAM_fft_stage.picsl.o
 .data          0x0000244d        0x0 C:/usr/xtensa/XtDevTools/install/builds/RI-2021.8-win32/AB1568_i64B_d32B_512K/xtensa-elf/lib/xcc/crtend.o
 .data          0x0000244d        0x0 C:/usr/xtensa/XtDevTools/install/builds/RI-2021.8-win32/AB1568_i64B_d32B_512K/xtensa-elf/lib/xcc/crtn.o
 *(.gnu.linkonce.d.*personality*)

.data1
 *(.data1)

.xt_except_desc
 *(.xt_except_desc .gnu.linkonce.h.*)
 *(.xt_except_desc_end)
                0x0000244d                _edata = .
                [!provide]                        PROVIDE (edata = .)
                0x0000244d                __bss_start = .

.bss            0x00002450      0x308
 *(.dynbss)
 *(.bss .bss.* .gnu.linkonce.b.*)
 .bss           0x00002450        0x0 C:/usr/xtensa/XtDevTools/install/builds/RI-2021.8-win32/AB1568_i64B_d32B_512K/xtensa-elf/lib/xcc/crti.o
 .bss           0x00002450        0x0 C:/usr/xtensa/XtDevTools/install/builds/RI-2021.8-win32/AB1568_i64B_d32B_512K/xtensa-elf/lib/xcc/crtbegin.o
 .bss           0x00002450      0x308 Build/source/piclib_fft10ms.picsl.o
                0x00002450                printf_ptr
                0x00002454                NN_thresh
                0x00002456                NN_thresh_exp
                0x00002458                BW_thresh_quiet_exp
                0x0000245c                plc_preemph_fac
                0x00002460                LowDelayShapes_n960_N80
                0x00002464                LowDelayShapes_n960_N160
                0x00002468                LowDelayShapes_n960_N240
                0x0000246c                LowDelayShapes_n960_N320
                0x00002470                LowDelayShapes_n960_N480
                0x00002474                LowDelayShapes_n960_N60_7_5ms
                0x00002478                LowDelayShapes_n960_N120_7_5ms
                0x0000247c                LowDelayShapes_n960_N180_7_5ms
                0x00002480                LowDelayShapes_n960_N240_7_5ms
                0x00002484                LowDelayShapes_n960_N360_7_5ms
                0x00002488                LowDelayShapes_n960_len
                0x0000248c                LowDelayShapes_n960_la_zeroes
                0x00002490                LowDelayShapes_n960
                0x00002494                LowDelayShapes_n960_len_7_5ms
                0x00002498                LowDelayShapes_n960_la_zeroes_7_5ms
                0x0000249c                LowDelayShapes_n960_7_5ms
                0x000024a0                BW_cutoff_bits_all
                0x000024a4                BW_thresh_quiet
                0x000024a8                BW_thresh_brickwall
                0x000024ac                BW_brickwall_dist
                0x000024b0                BW_warp_idx_start_16k
                0x000024b4                BW_warp_idx_stop_16k
                0x000024b8                BW_warp_idx_start_24k
                0x000024bc                BW_warp_idx_stop_24k
                0x000024c0                BW_warp_idx_start_32k
                0x000024c4                BW_warp_idx_stop_32k
                0x000024c8                BW_warp_idx_start_48k
                0x000024cc                BW_warp_idx_stop_48k
                0x000024d0                BW_warp_idx_start_all
                0x000024d4                BW_warp_idx_stop_all
                0x000024d8                BW_brickwall_dist_7_5ms
                0x000024dc                BW_warp_idx_start_16k_7_5ms
                0x000024e0                BW_warp_idx_stop_16k_7_5ms
                0x000024e4                BW_warp_idx_start_24k_7_5ms
                0x000024e8                BW_warp_idx_stop_24k_7_5ms
                0x000024ec                BW_warp_idx_start_32k_7_5ms
                0x000024f0                BW_warp_idx_stop_32k_7_5ms
                0x000024f4                BW_warp_idx_start_48k_7_5ms
                0x000024f8                BW_warp_idx_stop_48k_7_5ms
                0x000024fc                BW_warp_idx_start_all_7_5ms
                0x00002500                BW_warp_idx_stop_all_7_5ms
                0x00002504                BW_cutoff_bin_all
                0x00002508                tns_subdiv_startfreq_8k
                0x0000250c                tns_subdiv_stopfreq_8k
                0x00002510                tns_subdiv_startfreq_16k
                0x00002514                tns_subdiv_stopfreq_16k
                0x00002518                tns_subdiv_startfreq_24k
                0x0000251c                tns_subdiv_stopfreq_24k
                0x00002520                tns_subdiv_startfreq_32k
                0x00002524                tns_subdiv_stopfreq_32k
                0x00002528                tns_subdiv_startfreq_48k
                0x0000252c                tns_subdiv_stopfreq_48k
                0x00002530                tns_subdiv_startfreq
                0x00002534                tns_subdiv_stopfreq
                0x00002538                tns_subdiv_startfreq_8k_7_5ms
                0x0000253c                tns_subdiv_stopfreq_8k_7_5ms
                0x00002540                tns_subdiv_startfreq_16k_7_5ms
                0x00002544                tns_subdiv_stopfreq_16k_7_5ms
                0x00002548                tns_subdiv_startfreq_24k_7_5ms
                0x0000254c                tns_subdiv_stopfreq_24k_7_5ms
                0x00002550                tns_subdiv_startfreq_32k_7_5ms
                0x00002554                tns_subdiv_stopfreq_32k_7_5ms
                0x00002558                tns_subdiv_startfreq_48k_7_5ms
                0x0000255c                tns_subdiv_stopfreq_48k_7_5ms
                0x00002560                tns_subdiv_startfreq_7_5ms
                0x00002564                tns_subdiv_stopfreq_7_5ms
                0x00002568                Tab_esc_nb
                0x0000256c                ari_spec_lookup
                0x00002570                ari_spec_cumfreq
                0x00002574                ari_spec_freq
                0x00002578                ari_spec_bits
                0x0000257c                tnsAcfWindow
                0x00002580                tnsQuantPts
                0x00002584                tnsQuantThr
                0x00002588                ac_tns_order_bits
                0x0000258c                ac_tns_order_freq
                0x00002590                ac_tns_order_cumfreq
                0x00002594                ac_tns_coef_bits
                0x00002598                ac_tns_coef_freq
                0x0000259c                ac_tns_coef_cumfreq
                0x000025a0                lpc_warp_pre_emphasis_64_8000
                0x000025a4                lpc_warp_pre_emphasis_64_e_8000
                0x000025a8                lpc_warp_pre_emphasis_64_16000
                0x000025ac                lpc_warp_pre_emphasis_64_e_16000
                0x000025b0                lpc_warp_pre_emphasis_64_24000
                0x000025b4                lpc_warp_pre_emphasis_64_e_24000
                0x000025b8                lpc_warp_pre_emphasis_64_32000
                0x000025bc                lpc_warp_pre_emphasis_64_e_32000
                0x000025c0                lpc_warp_pre_emphasis_64_48000
                0x000025c4                lpc_warp_pre_emphasis_64_e_48000
                0x000025c8                lpc_pre_emphasis
                0x000025cc                lpc_pre_emphasis_e
                0x000025d0                bands_offset_8000_lpc_warp
                0x000025d4                bands_offset_16000_lpc_warp
                0x000025d8                bands_offset_24000_lpc_warp
                0x000025dc                bands_offset_32000_lpc_warp
                0x000025e0                bands_offset_48000_lpc_warp
                0x000025e4                bands_offset_8000_lpc_warp_7_5ms
                0x000025e8                bands_offset_16000_lpc_warp_7_5ms
                0x000025ec                bands_offset_24000_lpc_warp_7_5ms
                0x000025f0                bands_offset_32000_lpc_warp_7_5ms
                0x000025f4                bands_offset_48000_lpc_warp_7_5ms
                0x000025f8                bands_offset
                0x000025fc                bands_number_7_5ms
                0x00002600                bands_offset_with_one_max
                0x00002604                bands_offset_with_two_max
                0x00002608                bands_offset_with_one_max_7_5ms
                0x0000260c                bands_offset_with_two_max_7_5ms
                0x00002610                bands_offset_7_5ms
                0x00002614                bands_nrg_scale
                0x00002618                resamp_filt_8k
                0x0000261c                resamp_filt_16k
                0x00002620                resamp_filt_24k
                0x00002624                resamp_filt_32k
                0x00002628                resamp_filt_48k
                0x0000262c                resamp_filts
                0x00002630                resamp_params
                0x00002634                highpass50_filt_num
                0x00002638                highpass50_filt_den
                0x0000263c                olpa_ac_weighting
                0x00002640                ltpf_ac_interp_filt
                0x00002644                inter_filter
                0x00002648                inter_filter_shift
                0x0000264c                inter_filter_len
                0x00002650                tilt_filter_len_EO
                0x00002654                tilt_filter_EVEN
                0x00002658                tilt_filter_ODD
                0x0000265c                tilt_filter_len
                0x00002660                gain_scale_fac
                0x00002664                pitch_scale
                0x00002668                ltpf_overlap_len
                0x0000266c                sns_vq_reg_adj_scf
                0x00002670                sns_vq_reg_lf_adj_scf
                0x00002674                sns_vq_near_adj_scf
                0x00002678                sns_vq_far_adj_scf
                0x0000267c                sns_gaintabPtr
                0x00002680                sns_gainSz
                0x00002684                sns_gainMSBbits
                0x00002688                sns_gainLSBbits
                0x0000268c                sns_Kval
                0x00002690                sns_MPVQ_Sz
                0x00002694                st1SCF0_7_base5_32x8_Q14
                0x00002698                st1SCF8_15_base5_32x8_Q14
                0x0000269c                h_memN16K12
                0x000026a0                h_memN10K22
                0x000026a4                h_memN6K2
                0x000026a8                MPVQ_offs_ptr
                0x000026ac                tabledKMAX
                0x000026b0                isqrt_Q16tab
                0x000026b4                adjust_global_gain_tables
                0x000026b8                BitReverseTable256
                0x000026bc                Tab_T
                0x000026c0                Bit_Shft
                0x000026c4                AB_Shft
                0x000026c8                Tab_esc_Dec
                0x000026cc                ldCoeff
                0x000026d0                ldCoeff_Hifi5
                0x000026d4                exp2_tab_long
                0x000026d8                exp2w_tab_long
                0x000026dc                exp2x_tab_long
                0x000026e0                SqrtTable
                0x000026e4                SqrtDiffTable
                0x000026e8                ISqrtTable
                0x000026ec                ISqrtDiffTable
                0x000026f0                InvTable
                0x000026f4                InvDiffTable
                0x000026f8                InvIntTable
                0x000026fc                SineTable480
                0x00002700                SineTable360
                0x00002704                SineTable320
                0x00002708                SineWindow60
                0x0000270c                SineWindow80
                0x00002710                SineWindow120
                0x00002714                SineWindow160
                0x00002718                SineWindow180
                0x0000271c                SineWindow240
                0x00002720                SineWindow320
                0x00002724                SineWindow360
                0x00002728                SineWindow480
                0x0000272c                RealFFT80_twid
                0x00002730                RotVector_40_32
                0x00002734                RotVector_480
                0x00002738                RotVector_360
                0x0000273c                RotVector_320
                0x00002740                RotVector_15_6
                0x00002744                isqrt_table
                0x00002748                Log2_16_table1
                0x0000274c                Log2_16_table2
                0x00002750                InvLog2_16_table1
                0x00002754                InvLog2_16_table2
 .bss           0x00002758        0x0 Build/source/IRAM_fft_stage.picsl.o
 .bss           0x00002758        0x0 C:/usr/xtensa/XtDevTools/install/builds/RI-2021.8-win32/AB1568_i64B_d32B_512K/xtensa-elf/lib/xcc/crtend.o
 .bss           0x00002758        0x0 C:/usr/xtensa/XtDevTools/install/builds/RI-2021.8-win32/AB1568_i64B_d32B_512K/xtensa-elf/lib/xcc/crtn.o
 *(.clib.bss)
 *(.clib.percpu.bss)
 *(.rtos.bss)
 *(.rtos.percpu.bss)
 *(COMMON)
                0x00002758                . = ALIGN (0x4)
                0x00002758                . = ALIGN (0x4)
                0x00002758                _end = .
                [!provide]                        PROVIDE (end = .)

.stab
 *(.stab)

.stabstr
 *(.stabstr)

.stab.excl
 *(.stab.excl)

.stab.exclstr
 *(.stab.exclstr)

.stab.index
 *(.stab.index)

.stab.indexstr
 *(.stab.indexstr)

.comment        0x00000000       0x5f
 *(.comment)
 .comment       0x00000000       0x28 C:/usr/xtensa/XtDevTools/install/builds/RI-2021.8-win32/AB1568_i64B_d32B_512K/xtensa-elf/lib/xcc/crtbegin.o
                                         0x29 (size before relaxing)
 .comment       0x00000028       0x37 Build/source/piclib_fft10ms.picsl.o
                                         0x38 (size before relaxing)
 .comment       0x0000005f       0x38 Build/source/IRAM_fft_stage.picsl.o
 .comment       0x0000005f       0x29 C:/usr/xtensa/XtDevTools/install/builds/RI-2021.8-win32/AB1568_i64B_d32B_512K/xtensa-elf/lib/xcc/crtend.o

.xtensa.info    0x00000000      0x1f0
 .xtensa.info   0x00000000      0x1f0 C:/usr/xtensa/XtDevTools/install/builds/RI-2021.8-win32/AB1568_i64B_d32B_512K/xtensa-elf/lib/xcc/crti.o
 .xtensa.info   0x000001f0        0x0 C:/usr/xtensa/XtDevTools/install/builds/RI-2021.8-win32/AB1568_i64B_d32B_512K/xtensa-elf/lib/xcc/crtbegin.o
 .xtensa.info   0x000001f0        0x0 Build/source/piclib_fft10ms.picsl.o
 .xtensa.info   0x000001f0        0x0 Build/source/IRAM_fft_stage.picsl.o
 .xtensa.info   0x000001f0        0x0 C:/usr/xtensa/XtDevTools/install/builds/RI-2021.8-win32/AB1568_i64B_d32B_512K/xtensa-elf/lib/xcc/crtend.o
 .xtensa.info   0x000001f0        0x0 C:/usr/xtensa/XtDevTools/install/builds/RI-2021.8-win32/AB1568_i64B_d32B_512K/xtensa-elf/lib/xcc/crtn.o

.debug
 *(.debug)

.line
 *(.line)

.debug_srcinfo
 *(.debug_srcinfo)

.debug_sfnames
 *(.debug_sfnames)

.debug_aranges
 *(.debug_aranges)

.debug_pubnames
 *(.debug_pubnames)

.debug_info     0x00000000     0x3c99
 *(.debug_info .gnu.linkonce.wi.*)
 .debug_info    0x00000000      0xf5a Build/source/piclib_fft10ms.picsl.o
 .debug_info    0x00000f5a     0x2d3f Build/source/IRAM_fft_stage.picsl.o

.debug_abbrev   0x00000000      0x312
 *(.debug_abbrev)
 .debug_abbrev  0x00000000       0xe0 Build/source/piclib_fft10ms.picsl.o
 .debug_abbrev  0x000000e0      0x232 Build/source/IRAM_fft_stage.picsl.o

.debug_line     0x00000000     0x32f6
 *(.debug_line)
 .debug_line    0x00000000       0xe3 Build/source/piclib_fft10ms.picsl.o
 .debug_line    0x000000e3     0x3213 Build/source/IRAM_fft_stage.picsl.o

.debug_frame    0x00000000      0x168
 *(.debug_frame)
 .debug_frame   0x00000000       0x28 Build/source/piclib_fft10ms.picsl.o
 .debug_frame   0x00000028      0x140 Build/source/IRAM_fft_stage.picsl.o

.debug_str      0x00000000     0x163f
 *(.debug_str)
 .debug_str     0x00000000     0x1099 Build/source/piclib_fft10ms.picsl.o
                                       0x10fe (size before relaxing)
 .debug_str     0x00001099      0x5a6 Build/source/IRAM_fft_stage.picsl.o
                                       0x1666 (size before relaxing)

.debug_loc      0x00000000     0x21c2
 *(.debug_loc)
 .debug_loc     0x00000000       0x13 Build/source/piclib_fft10ms.picsl.o
 .debug_loc     0x00000013     0x21af Build/source/IRAM_fft_stage.picsl.o

.debug_macinfo
 *(.debug_macinfo)

.debug_weaknames
 *(.debug_weaknames)

.debug_funcnames
 *(.debug_funcnames)

.debug_typenames
 *(.debug_typenames)

.debug_varnames
 *(.debug_varnames)

.xt.lit         0x00000000       0x38
 *(.xt.lit .xt.lit.* .gnu.linkonce.p.*)
 .xt.lit.plt    0x00000000        0x0 C:/usr/xtensa/XtDevTools/install/builds/RI-2021.8-win32/AB1568_i64B_d32B_512K/xtensa-elf/lib/xcc/crti.o
 .xt.lit        0x00000000       0x18 C:/usr/xtensa/XtDevTools/install/builds/RI-2021.8-win32/AB1568_i64B_d32B_512K/xtensa-elf/lib/xcc/crtbegin.o
 .xt.lit        0x00000018        0x8 Build/source/piclib_fft10ms.picsl.o
 .xt.lit        0x00000020        0x8 Build/source/IRAM_fft_stage.picsl.o
 .xt.lit        0x00000028       0x10 C:/usr/xtensa/XtDevTools/install/builds/RI-2021.8-win32/AB1568_i64B_d32B_512K/xtensa-elf/lib/xcc/crtend.o

.xt.insn
 *(.xt.insn .gnu.linkonce.x.*)

.xt.prop        0x00000000      0x528
 *(.xt.prop .gnu.linkonce.prop.*)
 .xt.prop       0x00000000       0x30 C:/usr/xtensa/XtDevTools/install/builds/RI-2021.8-win32/AB1568_i64B_d32B_512K/xtensa-elf/lib/xcc/crti.o
 .xt.prop       0x00000030       0xd8 C:/usr/xtensa/XtDevTools/install/builds/RI-2021.8-win32/AB1568_i64B_d32B_512K/xtensa-elf/lib/xcc/crtbegin.o
 .xt.prop       0x00000108       0x30 Build/source/piclib_fft10ms.picsl.o
 .xt.prop       0x00000138      0x360 Build/source/IRAM_fft_stage.picsl.o
 .xt.prop       0x00000498       0x60 C:/usr/xtensa/XtDevTools/install/builds/RI-2021.8-win32/AB1568_i64B_d32B_512K/xtensa-elf/lib/xcc/crtend.o
 .xt.prop       0x000004f8       0x30 C:/usr/xtensa/XtDevTools/install/builds/RI-2021.8-win32/AB1568_i64B_d32B_512K/xtensa-elf/lib/xcc/crtn.o

/DISCARD/
 *(.note.GNU-stack)
OUTPUT(Build/fft10ms/pisplit_lc3i_fft10ms_position_independent.splitload.lib elf32-xtensa-le)

.debug_ranges   0x00000000      0x158
 .debug_ranges  0x00000000      0x158 Build/source/IRAM_fft_stage.picsl.o

Memory Configuration

Name             Origin          Length          Used            Unused          Attributes
*default*        0x00000000      0xffffffff      
