
Memory Configuration

Name             Origin             Length             Attributes
*default*        0x00000000         0xffffffff

Linker script and memory map

LOAD C:/usr/xtensa/XtDevTools/install/builds/RG-2019.12-win32/AB1568_i64B_d32B_512K/xtensa-elf/lib/xcc/crti.o
LOAD C:/usr/xtensa/XtDevTools/install/builds/RG-2019.12-win32/AB1568_i64B_d32B_512K/xtensa-elf/lib/xcc/crtbegin.o
LOAD Build/source/source/main_lib.picsl.o
LOAD Build/source/source/updn_sampling.picsl.o
LOAD Build/source/source/samplerbyn_xt_memory.picsl.o
LOAD C:/usr/xtensa/XtDevTools/install/builds/RG-2019.12-win32/AB1568_i64B_d32B_512K/xtensa-elf/lib/xcc/\libgcc.a
LOAD C:/usr/xtensa/XtDevTools/install/builds/RG-2019.12-win32/AB1568_i64B_d32B_512K/xtensa-elf/lib/xcc/\libgcc.a
LOAD C:/usr/xtensa/XtDevTools/install/builds/RG-2019.12-win32/AB1568_i64B_d32B_512K/xtensa-elf/lib/xcc/crtend.o
LOAD C:/usr/xtensa/XtDevTools/install/builds/RG-2019.12-win32/AB1568_i64B_d32B_512K/xtensa-elf/lib/xcc/crtn.o

.text           0x00000000      0x57d
                0x00000000                _text_start = ABSOLUTE (.)
 *(.got.plt* .plt*)
 .got.plt       0x00000000        0x0 C:/usr/xtensa/XtDevTools/install/builds/RG-2019.12-win32/AB1568_i64B_d32B_512K/xtensa-elf/lib/xcc/crti.o
                0x00000000                _GLOBAL_OFFSET_TABLE_
 .init.literal  0x00000000        0x4 C:/usr/xtensa/XtDevTools/install/builds/RG-2019.12-win32/AB1568_i64B_d32B_512K/xtensa-elf/lib/xcc/crtbegin.o
 .init.literal  0x00000004        0x4 C:/usr/xtensa/XtDevTools/install/builds/RG-2019.12-win32/AB1568_i64B_d32B_512K/xtensa-elf/lib/xcc/crtend.o
 .literal       0x00000008       0x18 C:/usr/xtensa/XtDevTools/install/builds/RG-2019.12-win32/AB1568_i64B_d32B_512K/xtensa-elf/lib/xcc/crtbegin.o
                                 0x24 (size before relaxing)
 .literal       0x00000020       0x28 Build/source/source/main_lib.picsl.o
 .literal       0x00000048       0x14 Build/source/source/updn_sampling.picsl.o
                                 0x20 (size before relaxing)
 .literal       0x0000005c        0x8 C:/usr/xtensa/XtDevTools/install/builds/RG-2019.12-win32/AB1568_i64B_d32B_512K/xtensa-elf/lib/xcc/crtend.o
 .fini.literal  0x00000064        0x4 C:/usr/xtensa/XtDevTools/install/builds/RG-2019.12-win32/AB1568_i64B_d32B_512K/xtensa-elf/lib/xcc/crtbegin.o
 .plt           0x00000000        0x0 C:/usr/xtensa/XtDevTools/install/builds/RG-2019.12-win32/AB1568_i64B_d32B_512K/xtensa-elf/lib/xcc/crti.o
 *(.init.literal)
 *(.init)
 .init          0x00000068        0x3 C:/usr/xtensa/XtDevTools/install/builds/RG-2019.12-win32/AB1568_i64B_d32B_512K/xtensa-elf/lib/xcc/crti.o
                0x00000068                _init
 .init          0x0000006b        0x8 C:/usr/xtensa/XtDevTools/install/builds/RG-2019.12-win32/AB1568_i64B_d32B_512K/xtensa-elf/lib/xcc/crtbegin.o
 .init          0x00000073        0x8 C:/usr/xtensa/XtDevTools/install/builds/RG-2019.12-win32/AB1568_i64B_d32B_512K/xtensa-elf/lib/xcc/crtend.o
 .init          0x0000007b        0x2 C:/usr/xtensa/XtDevTools/install/builds/RG-2019.12-win32/AB1568_i64B_d32B_512K/xtensa-elf/lib/xcc/crtn.o
 *(.literal .text .stub .literal.* .text.* .gnu.linkonce.literal.* .gnu.linkonce.t.*.literal .gnu.linkonce.t.*)
 *fill*         0x0000007d        0x3 00000000
 .text          0x00000080       0x55 C:/usr/xtensa/XtDevTools/install/builds/RG-2019.12-win32/AB1568_i64B_d32B_512K/xtensa-elf/lib/xcc/crtbegin.o
 *fill*         0x000000d5        0x3 00000000
 .text          0x000000d8       0x39 Build/source/source/main_lib.picsl.o
                0x000000d8                _start
 *fill*         0x00000111        0x7 00000000
 .text          0x00000118      0x38f Build/source/source/updn_sampling.picsl.o
                0x00000118                get_sampler_by_n_version
                0x00000120                updn_sampling_Init
                0x0000014c                updn_sampling_by2_Proc_V2
                0x000002b0                updn_sampling_by3_Proc
                0x00000430                updn_sampling_16bit_Proc
                0x0000046c                updn_sampling_32bit_Proc
 *fill*         0x000004a7        0x1 00000000
 .text          0x000004a8       0x1e C:/usr/xtensa/XtDevTools/install/builds/RG-2019.12-win32/AB1568_i64B_d32B_512K/xtensa-elf/lib/xcc/crtend.o
 .text          0x000004c6        0x0 C:/usr/xtensa/XtDevTools/install/builds/RG-2019.12-win32/AB1568_i64B_d32B_512K/xtensa-elf/lib/xcc/crti.o
 *fill*         0x000004c6        0x0 00000000
 *fill*         0x000004c6        0x0 00000000
 *fill*         0x000004c6        0x0 00000000
 *fill*         0x000004c6        0x0 00000000
 *fill*         0x000004c6        0x0 00000000
 *fill*         0x000004c6        0x2 00000000
 .text          0x000004c8       0xa5 Build/source/source/samplerbyn_xt_memory.picsl.o
                0x000004c8                xt_hifi5_sampler_by_n_memset
                0x000004e0                xt_hifi5_sampler_by_n_memcpy
 *fill*         0x0000056d        0x0 00000000
 .text          0x0000056d        0x0 C:/usr/xtensa/XtDevTools/install/builds/RG-2019.12-win32/AB1568_i64B_d32B_512K/xtensa-elf/lib/xcc/crtn.o
 *(.text.*personality*)
 *(.gnu.warning)
 *(.fini.literal)
 *fill*         0x0000056d        0x0 00000000
 *(.fini)
 *fill*         0x0000056d        0x3 00000000
 .fini          0x00000570        0x3 C:/usr/xtensa/XtDevTools/install/builds/RG-2019.12-win32/AB1568_i64B_d32B_512K/xtensa-elf/lib/xcc/crti.o
                0x00000570                _fini
 .fini          0x00000573        0x8 C:/usr/xtensa/XtDevTools/install/builds/RG-2019.12-win32/AB1568_i64B_d32B_512K/xtensa-elf/lib/xcc/crtbegin.o
 .fini          0x0000057b        0x2 C:/usr/xtensa/XtDevTools/install/builds/RG-2019.12-win32/AB1568_i64B_d32B_512K/xtensa-elf/lib/xcc/crtn.o
                0x0000057d                PROVIDE (__etext, .)
                0x0000057d                PROVIDE (_etext, .)
                0x0000057d                PROVIDE (etext, .)

.dynamic        0x00000580       0xa8
                0x00000580        0x4 LONG 0x70000002
                0x00000584        0x4 LONG 0x0 _text_start
 *(.dynamic)
 .dynamic       0x00000588       0xa0 C:/usr/xtensa/XtDevTools/install/builds/RG-2019.12-win32/AB1568_i64B_d32B_512K/xtensa-elf/lib/xcc/crti.o
                0x00000588                _DYNAMIC

.hash           0x00000628       0x28
 *(.hash)
 .hash          0x00000628       0x28 C:/usr/xtensa/XtDevTools/install/builds/RG-2019.12-win32/AB1568_i64B_d32B_512K/xtensa-elf/lib/xcc/crti.o

.dynsym         0x00000650       0x50
 *(.dynsym)
 .dynsym        0x00000650       0x50 C:/usr/xtensa/XtDevTools/install/builds/RG-2019.12-win32/AB1568_i64B_d32B_512K/xtensa-elf/lib/xcc/crti.o

.dynstr         0x000006a0       0x25
 *(.dynstr)
 .dynstr        0x000006a0       0x25 C:/usr/xtensa/XtDevTools/install/builds/RG-2019.12-win32/AB1568_i64B_d32B_512K/xtensa-elf/lib/xcc/crti.o

.gnu.version    0x000006c6        0x0
 *(.gnu.version)
 .gnu.version   0x00000000        0x0 C:/usr/xtensa/XtDevTools/install/builds/RG-2019.12-win32/AB1568_i64B_d32B_512K/xtensa-elf/lib/xcc/crti.o

.gnu.version_d  0x000006c8        0x0
 *(.gnu.version_d)
 .gnu.version_d
                0x00000000        0x0 C:/usr/xtensa/XtDevTools/install/builds/RG-2019.12-win32/AB1568_i64B_d32B_512K/xtensa-elf/lib/xcc/crti.o

.gnu.version_r  0x000006c8        0x0
 *(.gnu.version_r)
 .gnu.version_r
                0x00000000        0x0 C:/usr/xtensa/XtDevTools/install/builds/RG-2019.12-win32/AB1568_i64B_d32B_512K/xtensa-elf/lib/xcc/crti.o

.rel.init
 *(.rel.init)

.rela.init
 *(.rela.init)

.rel.text
 *(.rel.text .rel.text.* .rel.gnu.linkonce.t.*)

.rela.text
 *(.rela.text .rela.text.* .rela.gnu.linkonce.t.*)

.rel.fini
 *(.rel.fini)

.rela.fini
 *(.rela.fini)

.rel.rodata
 *(.rel.rodata .rel.rodata.* .rel.gnu.linkonce.r.*)

.rela.rodata
 *(.rela.rodata .rela.rodata.* .rela.gnu.linkonce.r.*)

.rel.data.rel.ro
 *(.rel.data.rel.ro*)

.rela.data.rel.ro
 *(.rel.data.rel.ro*)

.rel.data
 *(.rel.data .rel.data.* .rel.gnu.linkonce.d.*)

.rela.data
 *(.rela.data .rela.data.* .rela.gnu.linkonce.d.*)

.rel.tdata
 *(.rel.tdata .rel.tdata.* .rel.gnu.linkonce.td.*)

.rela.tdata
 *(.rela.tdata .rela.tdata.* .rela.gnu.linkonce.td.*)

.rel.tbss
 *(.rel.tbss .rel.tbss.* .rel.gnu.linkonce.tb.*)

.rela.tbss
 *(.rela.tbss .rela.tbss.* .rela.gnu.linkonce.tb.*)

.rel.ctors
 *(.rel.ctors)

.rela.ctors
 *(.rela.ctors)

.rel.dtors
 *(.rel.dtors)

.rela.dtors
 *(.rela.dtors)

.rel.got
 *(.rel.got)

.rela.got       0x000006c8      0x168
 *(.rela.got)
 .rela.got      0x000006c8      0x168 C:/usr/xtensa/XtDevTools/install/builds/RG-2019.12-win32/AB1568_i64B_d32B_512K/xtensa-elf/lib/xcc/crti.o

.rel.bss
 *(.rel.bss .rel.bss.* .rel.gnu.linkonce.b.*)

.rela.bss
 *(.rela.bss .rela.bss.* .rela.gnu.linkonce.b.*)

.rel.plt
 *(.rel.plt)

.rela.plt       0x00000830        0x0
 *(.rela.plt)
 .rela.plt      0x00000000        0x0 C:/usr/xtensa/XtDevTools/install/builds/RG-2019.12-win32/AB1568_i64B_d32B_512K/xtensa-elf/lib/xcc/crti.o

.got            0x00000830        0x4
 *(.got)
 .got           0x00000830        0x4 C:/usr/xtensa/XtDevTools/install/builds/RG-2019.12-win32/AB1568_i64B_d32B_512K/xtensa-elf/lib/xcc/crti.o

.got.loc        0x00000834       0x38
 *(.got.loc)
 .got.loc       0x00000834       0x38 C:/usr/xtensa/XtDevTools/install/builds/RG-2019.12-win32/AB1568_i64B_d32B_512K/xtensa-elf/lib/xcc/crti.o

.rodata         0x0000086c       0x7c
 *(.rodata .rodata.* .gnu.linkonce.r.*)
 .rodata.str1.4
                0x0000086c       0x7c Build/source/source/main_lib.picsl.o
                                 0x7b (size before relaxing)

.interp         0x000008e8        0xb
 .interp        0x000008e8        0xb C:/usr/xtensa/XtDevTools/install/builds/RG-2019.12-win32/AB1568_i64B_d32B_512K/xtensa-elf/lib/xcc/crti.o

.rodata1
 *(.rodata1)

.xt_except_table
 *(.xt_except_table)

.eh_frame       0x000008f4        0x4
 *(.eh_frame)
 .eh_frame      0x000008f4        0x0 C:/usr/xtensa/XtDevTools/install/builds/RG-2019.12-win32/AB1568_i64B_d32B_512K/xtensa-elf/lib/xcc/crtbegin.o
 .eh_frame      0x000008f4        0x4 C:/usr/xtensa/XtDevTools/install/builds/RG-2019.12-win32/AB1568_i64B_d32B_512K/xtensa-elf/lib/xcc/crtend.o

.gcc_except_table
 *(.gcc_except_table)
 *(.gcc_except_table.*)

.eh_frame
 *(.eh_frame)

.gcc_except_table
 *(.gcc_except_table)
 *(.gcc_except_table.*)

.tdata
 *(.tdata .tdata.* .gnu.linkonce.td.*)

.tbss
 *(.tbss .tbss.* .gnu.linkonce.tb.*)
 *(.tcommon)
                0x000008f8                . = ALIGN (0x4)
                0x000008f8                PROVIDE (__preinit_array_start, .)

.preinit_array
 *(.preinit_array)
                0x000008f8                PROVIDE (__preinit_array_end, .)
                0x000008f8                PROVIDE (__init_array_start, .)

.init_array
 *(.init_array)
                0x000008f8                PROVIDE (__init_array_end, .)
                0x000008f8                PROVIDE (__fini_array_start, .)

.fini_array
 *(.fini_array)
                0x000008f8                PROVIDE (__fini_array_end, .)

.ctors          0x000008f8        0x8
 *crtbegin*.o(.ctors)
 .ctors         0x000008f8        0x4 C:/usr/xtensa/XtDevTools/install/builds/RG-2019.12-win32/AB1568_i64B_d32B_512K/xtensa-elf/lib/xcc/crtbegin.o
 *(EXCLUDE_FILE(*crtend*.o) .ctors)
 *(SORT(.ctors.*))
 *(.ctors)
 .ctors         0x000008fc        0x4 C:/usr/xtensa/XtDevTools/install/builds/RG-2019.12-win32/AB1568_i64B_d32B_512K/xtensa-elf/lib/xcc/crtend.o

.dtors          0x00000900        0x8
 *crtbegin*.o(.dtors)
 .dtors         0x00000900        0x4 C:/usr/xtensa/XtDevTools/install/builds/RG-2019.12-win32/AB1568_i64B_d32B_512K/xtensa-elf/lib/xcc/crtbegin.o
 *(EXCLUDE_FILE(*crtend*.o) .dtors)
 *(SORT(.dtors.*))
 *(.dtors)
 .dtors         0x00000904        0x4 C:/usr/xtensa/XtDevTools/install/builds/RG-2019.12-win32/AB1568_i64B_d32B_512K/xtensa-elf/lib/xcc/crtend.o

.jcr
 *(.jcr)

.data.rel.ro
 *(.data.rel.ro.local)
 *(.data.rel.ro*)

.data           0x00000910       0x20
 *(.data .data.* .gnu.linkonce.d.*)
 .data          0x00000910        0x0 C:/usr/xtensa/XtDevTools/install/builds/RG-2019.12-win32/AB1568_i64B_d32B_512K/xtensa-elf/lib/xcc/crti.o
 .data          0x00000910        0x8 C:/usr/xtensa/XtDevTools/install/builds/RG-2019.12-win32/AB1568_i64B_d32B_512K/xtensa-elf/lib/xcc/crtbegin.o
                0x00000910                __dso_handle
 *fill*         0x00000918        0x8 
 .data          0x00000920       0x10 Build/source/source/main_lib.picsl.o
                0x00000920                export_parameter_array
 .data          0x00000930        0x0 Build/source/source/updn_sampling.picsl.o
 .data          0x00000930        0x0 Build/source/source/samplerbyn_xt_memory.picsl.o
 .data          0x00000930        0x0 C:/usr/xtensa/XtDevTools/install/builds/RG-2019.12-win32/AB1568_i64B_d32B_512K/xtensa-elf/lib/xcc/crtend.o
 .data          0x00000930        0x0 C:/usr/xtensa/XtDevTools/install/builds/RG-2019.12-win32/AB1568_i64B_d32B_512K/xtensa-elf/lib/xcc/crtn.o
 *(.gnu.linkonce.d.*personality*)

.data1
 *(.data1)

.xt_except_desc
 *(.xt_except_desc .gnu.linkonce.h.*)
 *(.xt_except_desc_end)
                0x00000930                _edata = .
                0x00000930                PROVIDE (edata, .)
                0x00000930                __bss_start = .

.bss            0x00000930       0x20
 *(.dynbss)
 *(.bss .bss.* .gnu.linkonce.b.*)
 .bss           0x00000930        0x0 C:/usr/xtensa/XtDevTools/install/builds/RG-2019.12-win32/AB1568_i64B_d32B_512K/xtensa-elf/lib/xcc/crti.o
 .bss           0x00000930       0x1c C:/usr/xtensa/XtDevTools/install/builds/RG-2019.12-win32/AB1568_i64B_d32B_512K/xtensa-elf/lib/xcc/crtbegin.o
 .bss           0x0000094c        0x4 Build/source/source/main_lib.picsl.o
                0x0000094c                printf_ptr
 .bss           0x00000950        0x0 Build/source/source/updn_sampling.picsl.o
 .bss           0x00000950        0x0 Build/source/source/samplerbyn_xt_memory.picsl.o
 .bss           0x00000950        0x0 C:/usr/xtensa/XtDevTools/install/builds/RG-2019.12-win32/AB1568_i64B_d32B_512K/xtensa-elf/lib/xcc/crtend.o
 .bss           0x00000950        0x0 C:/usr/xtensa/XtDevTools/install/builds/RG-2019.12-win32/AB1568_i64B_d32B_512K/xtensa-elf/lib/xcc/crtn.o
 *(COMMON)
                0x00000950                . = ALIGN (0x4)
                0x00000950                . = ALIGN (0x4)
                0x00000950                _end = .
                0x00000950                PROVIDE (end, .)

.stab
 *(.stab)

.stabstr
 *(.stabstr)

.stab.excl
 *(.stab.excl)

.stab.exclstr
 *(.stab.exclstr)

.stab.index
 *(.stab.index)

.stab.indexstr
 *(.stab.indexstr)

.comment        0x00000000      0x1b6
 *(.comment)
 .comment       0x00000000       0x97 C:/usr/xtensa/XtDevTools/install/builds/RG-2019.12-win32/AB1568_i64B_d32B_512K/xtensa-elf/lib/xcc/crtbegin.o
                                 0x98 (size before relaxing)
 .comment       0x00000097       0x5a Build/source/source/main_lib.picsl.o
                                 0x5b (size before relaxing)
 .comment       0x000000f1       0x5f Build/source/source/updn_sampling.picsl.o
                                 0x60 (size before relaxing)
 .comment       0x00000150       0x66 Build/source/source/samplerbyn_xt_memory.picsl.o
                                 0x67 (size before relaxing)
 .comment       0x00000000       0x98 C:/usr/xtensa/XtDevTools/install/builds/RG-2019.12-win32/AB1568_i64B_d32B_512K/xtensa-elf/lib/xcc/crtend.o

.xtensa.info    0x00000000      0x1e4
 .xtensa.info   0x00000000      0x1e4 C:/usr/xtensa/XtDevTools/install/builds/RG-2019.12-win32/AB1568_i64B_d32B_512K/xtensa-elf/lib/xcc/crti.o
 .xtensa.info   0x00000000        0x0 C:/usr/xtensa/XtDevTools/install/builds/RG-2019.12-win32/AB1568_i64B_d32B_512K/xtensa-elf/lib/xcc/crtbegin.o
 .xtensa.info   0x00000000        0x0 Build/source/source/main_lib.picsl.o
 .xtensa.info   0x00000000        0x0 Build/source/source/updn_sampling.picsl.o
 .xtensa.info   0x00000000        0x0 Build/source/source/samplerbyn_xt_memory.picsl.o
 .xtensa.info   0x00000000        0x0 C:/usr/xtensa/XtDevTools/install/builds/RG-2019.12-win32/AB1568_i64B_d32B_512K/xtensa-elf/lib/xcc/crtend.o
 .xtensa.info   0x00000000        0x0 C:/usr/xtensa/XtDevTools/install/builds/RG-2019.12-win32/AB1568_i64B_d32B_512K/xtensa-elf/lib/xcc/crtn.o

.debug
 *(.debug)

.line
 *(.line)

.debug_srcinfo
 *(.debug_srcinfo)

.debug_sfnames
 *(.debug_sfnames)

.debug_aranges  0x00000000       0x60
 *(.debug_aranges)
 .debug_aranges
                0x00000000       0x20 Build/source/source/main_lib.picsl.o
 .debug_aranges
                0x00000020       0x20 Build/source/source/updn_sampling.picsl.o
 .debug_aranges
                0x00000040       0x20 Build/source/source/samplerbyn_xt_memory.picsl.o

.debug_pubnames
                0x00000000      0x154
 *(.debug_pubnames)
 .debug_pubnames
                0x00000000       0x47 Build/source/source/main_lib.picsl.o
 .debug_pubnames
                0x00000047       0xb9 Build/source/source/updn_sampling.picsl.o
 .debug_pubnames
                0x00000100       0x54 Build/source/source/samplerbyn_xt_memory.picsl.o

.debug_info     0x00000000      0xf46
 *(.debug_info .gnu.linkonce.wi.*)
 .debug_info    0x00000000      0x1bd Build/source/source/main_lib.picsl.o
 .debug_info    0x000001bd      0xbd7 Build/source/source/updn_sampling.picsl.o
 .debug_info    0x00000d94      0x1b2 Build/source/source/samplerbyn_xt_memory.picsl.o

.debug_abbrev   0x00000000      0x2ae
 *(.debug_abbrev)
 .debug_abbrev  0x00000000       0xaa Build/source/source/main_lib.picsl.o
 .debug_abbrev  0x000000aa      0x162 Build/source/source/updn_sampling.picsl.o
 .debug_abbrev  0x0000020c       0xa2 Build/source/source/samplerbyn_xt_memory.picsl.o

.debug_line     0x00000000      0x4eb
 *(.debug_line)
 .debug_line    0x00000000       0x90 Build/source/source/main_lib.picsl.o
 .debug_line    0x00000090      0x383 Build/source/source/updn_sampling.picsl.o
 .debug_line    0x00000413       0xd8 Build/source/source/samplerbyn_xt_memory.picsl.o

.debug_frame
 *(.debug_frame)

.debug_str
 *(.debug_str)

.debug_loc
 *(.debug_loc)

.debug_macinfo
 *(.debug_macinfo)

.debug_weaknames
 *(.debug_weaknames)

.debug_funcnames
 *(.debug_funcnames)

.debug_typenames
 *(.debug_typenames)

.debug_varnames
 *(.debug_varnames)

.xt.lit         0x00000000       0x38
 *(.xt.lit .xt.lit.* .gnu.linkonce.p.*)
 .xt.lit.plt    0x00000000        0x0 C:/usr/xtensa/XtDevTools/install/builds/RG-2019.12-win32/AB1568_i64B_d32B_512K/xtensa-elf/lib/xcc/crti.o
 .xt.lit        0x00000000       0x18 C:/usr/xtensa/XtDevTools/install/builds/RG-2019.12-win32/AB1568_i64B_d32B_512K/xtensa-elf/lib/xcc/crtbegin.o
 .xt.lit        0x00000018        0x8 Build/source/source/main_lib.picsl.o
 .xt.lit        0x00000020        0x8 Build/source/source/updn_sampling.picsl.o
 .xt.lit        0x00000028       0x10 C:/usr/xtensa/XtDevTools/install/builds/RG-2019.12-win32/AB1568_i64B_d32B_512K/xtensa-elf/lib/xcc/crtend.o

.xt.insn
 *(.xt.insn .gnu.linkonce.x.*)

.xt.prop        0x00000000      0x5e8
 *(.xt.prop .gnu.linkonce.prop.*)
 .xt.prop       0x00000000       0x18 C:/usr/xtensa/XtDevTools/install/builds/RG-2019.12-win32/AB1568_i64B_d32B_512K/xtensa-elf/lib/xcc/crti.o
 .xt.prop       0x00000018       0xc0 C:/usr/xtensa/XtDevTools/install/builds/RG-2019.12-win32/AB1568_i64B_d32B_512K/xtensa-elf/lib/xcc/crtbegin.o
                                 0xf0 (size before relaxing)
 .xt.prop       0x000000d8       0x24 Build/source/source/main_lib.picsl.o
                                 0x3c (size before relaxing)
 .xt.prop       0x000000fc      0x3d8 Build/source/source/updn_sampling.picsl.o
 .xt.prop       0x000004d4       0x90 Build/source/source/samplerbyn_xt_memory.picsl.o
 .xt.prop       0x00000564       0x54 C:/usr/xtensa/XtDevTools/install/builds/RG-2019.12-win32/AB1568_i64B_d32B_512K/xtensa-elf/lib/xcc/crtend.o
                                 0x6c (size before relaxing)
 .xt.prop       0x000005b8       0x30 C:/usr/xtensa/XtDevTools/install/builds/RG-2019.12-win32/AB1568_i64B_d32B_512K/xtensa-elf/lib/xcc/crtn.o

/DISCARD/
 *(.note.GNU-stack)
OUTPUT(Build/lib/pisplit_sampler_by_n_position_independent.splitload.lib elf32-xtensa-le)
